PHPUnit 11.5.55 by Sebastian Bergmann and contributors.

Runtime:       PHP 8.5.4
Configuration: /Users/rayen/Downloads/Validation lundi 03:05/phpunit.dist.xml

...............................................................  63 / 517 ( 12%)
....E................................E.......E................E 126 / 517 ( 24%)
.............E.....E...E.E.....E............................... 189 / 517 ( 36%)
..........DD................................E...........E...... 252 / 517 ( 48%)
............................................................... 315 / 517 ( 60%)
............................................................... 378 / 517 ( 73%)
.....................................SS......................S. 441 / 517 ( 85%)
...........SS....SS.S..SS........................SS....SSS.SS.. 504 / 517 ( 97%)
SS.S......S..                                                   517 / 517 (100%)

Time: 00:02.617, Memory: 78.50 MB

There were 11 errors:

1) App\Tests\Controller\NutritionControllerTest::testGroupByRepasSansTypeIgnore
Error: Typed property App\Entity\Consommation::$typeRepas must not be accessed before initialization

/Users/rayen/Downloads/Validation lundi 03:05/src/Entity/Consommation.php:72
/Users/rayen/Downloads/Validation lundi 03:05/tests/Controller/NutritionControllerTest.php:106

2) App\Tests\Entity\ActiviteTest::testExerciceNullable
TypeError: App\Entity\Activite::setExercice(): Argument #1 ($exercice) must be of type App\Entity\Exercice, null given, called in /Users/rayen/Downloads/Validation lundi 03:05/tests/Entity/ActiviteTest.php on line 157

/Users/rayen/Downloads/Validation lundi 03:05/src/Entity/Activite.php:56
/Users/rayen/Downloads/Validation lundi 03:05/tests/Entity/ActiviteTest.php:157

3) App\Tests\Entity\AlimentTest::testValeursParDefautNulles
Error: Typed property App\Entity\Aliment::$nomAliment must not be accessed before initialization

/Users/rayen/Downloads/Validation lundi 03:05/src/Entity/Aliment.php:39
/Users/rayen/Downloads/Validation lundi 03:05/tests/Entity/AlimentTest.php:79

4) App\Tests\Entity\ConsommationTest::testValeursParDefautNulles
Error: Typed property App\Entity\Consommation::$dateConsommation must not be accessed before initialization

/Users/rayen/Downloads/Validation lundi 03:05/src/Entity/Consommation.php:61
/Users/rayen/Downloads/Validation lundi 03:05/tests/Entity/ConsommationTest.php:158

5) App\Tests\Entity\ExerciceTest::testValeursParDefautNulles
Error: Typed property App\Entity\Exercice::$nomExercice must not be accessed before initialization

/Users/rayen/Downloads/Validation lundi 03:05/src/Entity/Exercice.php:33
/Users/rayen/Downloads/Validation lundi 03:05/tests/Entity/ExerciceTest.php:61

6) App\Tests\Entity\JournalHumeurTest::testDefaultValues
Error: Typed property App\Entity\JournalHumeur::$user must not be accessed before initialization

/Users/rayen/Downloads/Validation lundi 03:05/src/Entity/JournalHumeur.php:60
/Users/rayen/Downloads/Validation lundi 03:05/tests/Entity/JournalHumeurTest.php:22

7) App\Tests\Entity\JournalHumeurTest::testSetUserNull
TypeError: App\Entity\JournalHumeur::setUser(): Argument #1 ($user) must be of type App\Entity\User, null given, called in /Users/rayen/Downloads/Validation lundi 03:05/tests/Entity/JournalHumeurTest.php on line 55

/Users/rayen/Downloads/Validation lundi 03:05/src/Entity/JournalHumeur.php:61
/Users/rayen/Downloads/Validation lundi 03:05/tests/Entity/JournalHumeurTest.php:55

8) App\Tests\Entity\JournalHumeurTest::testSetDateJournalNull
TypeError: App\Entity\JournalHumeur::setDateJournal(): Argument #1 ($dateJournal) must be of type DateTimeInterface, null given, called in /Users/rayen/Downloads/Validation lundi 03:05/tests/Entity/JournalHumeurTest.php on line 68

/Users/rayen/Downloads/Validation lundi 03:05/src/Entity/JournalHumeur.php:64
/Users/rayen/Downloads/Validation lundi 03:05/tests/Entity/JournalHumeurTest.php:68

9) App\Tests\Entity\JournalHumeurTest::testSetHumeurNullDoesNotChangeScore
TypeError: App\Entity\JournalHumeur::setHumeur(): Argument #1 ($humeur) must be of type App\Enum\Humeur, null given, called in /Users/rayen/Downloads/Validation lundi 03:05/tests/Entity/JournalHumeurTest.php on line 106

/Users/rayen/Downloads/Validation lundi 03:05/src/Entity/JournalHumeur.php:67
/Users/rayen/Downloads/Validation lundi 03:05/tests/Entity/JournalHumeurTest.php:106

10) App\Tests\Repository\AlimentRepositoryTest::testAlimentChampNullParDefaut
Error: Typed property App\Entity\Aliment::$nomAliment must not be accessed before initialization

/Users/rayen/Downloads/Validation lundi 03:05/src/Entity/Aliment.php:39
/Users/rayen/Downloads/Validation lundi 03:05/tests/Repository/AlimentRepositoryTest.php:118

11) App\Tests\Repository\ExerciceRepositoryTest::testExerciceChampNullParDefaut
Error: Typed property App\Entity\Exercice::$nomExercice must not be accessed before initialization

/Users/rayen/Downloads/Validation lundi 03:05/src/Entity/Exercice.php:33
/Users/rayen/Downloads/Validation lundi 03:05/tests/Repository/ExerciceRepositoryTest.php:109

--

2 tests triggered 1 PHP deprecation:

1) /Users/rayen/Downloads/Validation lundi 03:05/tests/EventListener/FaceAuthListenerTest.php:37
Method ReflectionProperty::setAccessible() is deprecated since 8.5, as it has no effect since PHP 8.1

Triggered by:

* App\Tests\EventListener\FaceAuthListenerTest::testOnLoginDefinitSessionSiFaceActive
  /Users/rayen/Downloads/Validation lundi 03:05/tests/EventListener/FaceAuthListenerTest.php:65

* App\Tests\EventListener\FaceAuthListenerTest::testOnLoginNeDefinitPasSessionSiFaceInactive
  /Users/rayen/Downloads/Validation lundi 03:05/tests/EventListener/FaceAuthListenerTest.php:89

ERRORS!
Tests: 517, Assertions: 1141, Errors: 11, Deprecations: 1, PHPUnit Deprecations: 3, Skipped: 21.
